[33mÔØ»[39m Building...
[32mÔ£ö[39m Building...
[1mInitial chunk files[22m                                                                         [2m | [22m[1mNames[22m                                                                                    [2m | [22m [1mRaw size[22m
[32mspec-lib-components-po-breadcrumb-po-breadcrumb.component.js[39m                                [2m | [22m[2mspec-lib-components-po-breadcrumb-po-breadcrumb.component[22m                                [2m | [22m [36m36.20 kB[39m[2m | [22m
[32mchunk-GTABRDK3.js[39m                                                                           [2m | [22m[2m-[22m                                                                                        [2m | [22m [36m12.46 kB[39m[2m | [22m
[32mchunk-VCKQDDVR.js[39m                                                                           [2m | [22m[2m-[22m                                                                                        [2m | [22m [36m11.13 kB[39m[2m | [22m
[32mspec-lib-components-po-breadcrumb-po-breadcrumb-favorite-po-breadcrumb-favorite.component.js[39m[2m | [22m[2mspec-lib-components-po-breadcrumb-po-breadcrumb-favorite-po-breadcrumb-favorite.component[22m[2m | [22m  [36m5.78 kB[39m[2m | [22m
[32mchunk-ZYB3WHKM.js[39m                                                                           [2m | [22m[2m-[22m                                                                                        [2m | [22m  [36m5.74 kB[39m[2m | [22m
[32mspec-lib-components-po-breadcrumb-po-breadcrumb-base.component.js[39m                           [2m | [22m[2mspec-lib-components-po-breadcrumb-po-breadcrumb-base.component[22m                           [2m | [22m  [36m4.78 kB[39m[2m | [22m
[32mchunk-SHTMZ5XJ.js[39m                                                                           [2m | [22m[2m-[22m                                                                                        [2m | [22m  [36m4.57 kB[39m[2m | [22m
[32mspec-lib-components-po-breadcrumb-po-breadcrumb-favorite-po-breadcrumb-favorite.service.js[39m  [2m | [22m[2mspec-lib-components-po-breadcrumb-po-breadcrumb-favorite-po-breadcrumb-favorite.service[22m  [2m | [22m  [36m2.73 kB[39m[2m | [22m
[32mchunk-5TD4XSNM.js[39m                                                                           [2m | [22m[2m-[22m                                                                                        [2m | [22m  [36m1.52 kB[39m[2m | [22m
[32minit-testbed.js[39m                                                                             [2m | [22m[2minit-testbed[22m                                                                             [2m | [22m  [36m1.51 kB[39m[2m | [22m
[32mvitest-mock-patch.js[39m                                                                        [2m | [22m[2mvitest-mock-patch[22m                                                                        [2m | [22m[36m939 bytes[39m[2m | [22m

[1m [22m                                                                                           [2m | [22m[1mInitial total[22m                                                                            [2m | [22m [1m87.34 kB[22m

Application bundle generation complete. [19.716 seconds] - 2026-06-11T22:24:07.256Z

Watch mode enabled. Watching for file changes...

[1m[30m[44m DEV [49m[39m[22m [34mv4.1.8 [39m[90mC:/Workspace/angular-22-thf-release/po-angular[39m

node.exe : [90mstderr[2m | projects/ui/src/lib/components/po-breadcrumb/po-breadcrumb.component.spec.ts
No linha:1 caractere:1
+ & "C:\nvm4w\nodejs/node.exe" "C:\nvm4w\nodejs/node_modules/npm/bin/np ...
+ ~~~~~~~~~~~~~~~~~~~~~~~~~~~~~~~~~~~~~~~~~~~~~~~~~~~~~~~~~~~~~~~~~~~~~
    + CategoryInfo          : NotSpecified: ([90mstderr[2m...mponent.spec.ts:String) [], RemoteException
    + FullyQualifiedErrorId : NativeCommandError
 
[22m[39mNG0912: Component ID generation collision detected. Components '_DocumentationComponent' and '_GuidesComponent' with selector 'ng-component' generated the same component ID. 
To fix this, you can change the selector of one of those components or add an extra host attribute to force a different ID. Find more at https://v21.angular.dev/errors/NG0912

 [31mÔØ»[39m [30m[45m ui [49m[39m projects/ui/src/lib/components/po-breadcrumb/po-breadcrumb.component.spec.ts [2m([22m[2m0 test[22m[2m)[22m
 [31mÔØ»[39m [30m[45m ui [49m[39m projects/ui/src/lib/components/po-breadcrumb/po-breadcrumb-favorite/po-breadcrumb-favorite.component.spec.ts [2m([22m[2m13 tests[22m[2m | [22m[31m13 failed[39m[2m)[22m[32m 131[2mms[22m[39m
[31m     [31m├ù[31m should be created[39m[32m 46[2mms[22m[39m
[31m     [31m├ù[31m should call configService and getFavorite in ngInit[39m[32m 8[2mms[22m[39m
[31m     [31m├ù[31m should get the status favorite[39m[32m 7[2mms[22m[39m
[31m     [31m├ù[31m should set the status favorite with true[39m[32m 8[2mms[22m[39m
[31m     [31m├ù[31m should call toggleFavoriteAction when click on po-breadcrumb-favorite[39m[32m 9[2mms[22m[39m
[31m     [31m├ù[31m should call setStatusFavorite with false[39m[32m 7[2mms[22m[39m
[31m     [31m├ù[31m should call setStatusFavorite with true[39m[32m 6[2mms[22m[39m
[31m     [31m├ù[31m should show the star and label with status favorite[39m[32m 7[2mms[22m[39m
[31m     [31m├ù[31m should show the star and label with status unfavorite[39m[32m 8[2mms[22m[39m
[31m       [31m├ù[31m ngOnDestroy: should unsubscribe getSubscription.[39m[32m 8[2mms[22m[39m
[31m       [31m├ù[31m ngOnDestroy: should not unsubscribe if getSubscription is falsy.[39m[32m 6[2mms[22m[39m
[31m       [31m├ù[31m ngOnDestroy: should unsubscribe setSubscription.[39m[32m 3[2mms[22m[39m
[31m       [31m├ù[31m ngOnDestroy: should not unsubscribe if setSubscription is falsy.[39m[32m 4[2mms[22m[39m

[31mÔÄ»ÔÄ»ÔÄ»ÔÄ»ÔÄ»ÔÄ»[39m[1m[41m Failed Suites 1 [49m[22m[31mÔÄ»ÔÄ»ÔÄ»ÔÄ»ÔÄ»ÔÄ»ÔÄ»[39m

[41m[1m FAIL [22m[49m [30m[45m ui [49m[39m projects/ui/src/lib/components/po-breadcrumb/po-breadcrumb.component.spec.ts[2m [ 
projects/ui/src/lib/components/po-breadcrumb/po-breadcrumb.component.spec.ts ][22m
[31m[1mError[22m: zone-testing.js is needed for the fakeAsync() test helper but could not be found.
        Please make sure that your environment includes zone.js/testing[39m
[90m [2mÔØ»[22m withFakeAsyncTestModule ../k8-fastbuild-ST-fdfa778d11ba/bin/packages/core/testing/src/fake_async.ts:[2m20:10[22m[39m
[90m [2mÔØ»[22m withFakeAsyncTestModule ../k8-fastbuild-ST-fdfa778d11ba/bin/packages/core/testing/src/fake_async.ts:[2m71:9[22m[39m
[36m [2mÔØ»[22m projects/ui/src/lib/components/po-breadcrumb/po-breadcrumb.component.spec.ts:[2m169:105[22m[39m
    [90m167|[39m     [34mdescribe[39m([32m'debounceResize:'[39m[33m,[39m () [33m=>[39m {
    [90m168|[39m       it(`should call 'clearTimeout' and set 'hiddenWithoutResize' to ÔÇª
    [90m169|[39m         when calculatedElement is true, hiddenWithoutResize is false aÔÇª
    [90m   |[39m                                                                                                         [31m^[39m
    [90m170|[39m         component[[32m'calculatedElement'[39m] [33m=[39m [35mtrue[39m[33m;[39m
    [90m171|[39m         component[[32m'hiddenWithoutResize'[39m] [33m=[39m [35mfalse[39m[33m;[39m

[31m[2mÔÄ»ÔÄ»ÔÄ»ÔÄ»ÔÄ»ÔÄ»ÔÄ»ÔÄ»ÔÄ»ÔÄ»ÔÄ»ÔÄ»ÔÄ»ÔÄ»ÔÄ»ÔÄ»ÔÄ»ÔÄ»ÔÄ»ÔÄ»ÔÄ»ÔÄ»ÔÄ»[1/14]ÔÄ»[22m[39m


[31mÔÄ»ÔÄ»ÔÄ»ÔÄ»ÔÄ»ÔÄ»[39m[1m[41m Failed Tests 13 [49m[22m[31mÔÄ»ÔÄ»ÔÄ»ÔÄ»ÔÄ»ÔÄ»ÔÄ»[39m

[41m[1m FAIL [22m[49m [30m[45m ui [49m[39m projects/ui/src/lib/components/po-breadcrumb/po-breadcrumb-favorite/po-breadcrumb-favorite.component.spec.ts[2m > 
[22mPoBreadcrumbFavoriteComponent[2m > [22mshould be created
[41m[1m FAIL [22m[49m [30m[45m ui [49m[39m projects/ui/src/lib/components/po-breadcrumb/po-breadcrumb-favorite/po-breadcrumb-favorite.component.spec.ts[2m > 
[22mPoBreadcrumbFavoriteComponent[2m > [22mshould call configService and getFavorite in ngInit
[41m[1m FAIL [22m[49m [30m[45m ui [49m[39m projects/ui/src/lib/components/po-breadcrumb/po-breadcrumb-favorite/po-breadcrumb-favorite.component.spec.ts[2m > 
[22mPoBreadcrumbFavoriteComponent[2m > [22mshould get the status favorite
[41m[1m FAIL [22m[49m [30m[45m ui [49m[39m projects/ui/src/lib/components/po-breadcrumb/po-breadcrumb-favorite/po-breadcrumb-favorite.component.spec.ts[2m > 
[22mPoBreadcrumbFavoriteComponent[2m > [22mshould set the status favorite with true
[41m[1m FAIL [22m[49m [30m[45m ui [49m[39m projects/ui/src/lib/components/po-breadcrumb/po-breadcrumb-favorite/po-breadcrumb-favorite.component.spec.ts[2m > 
[22mPoBreadcrumbFavoriteComponent[2m > [22mshould call toggleFavoriteAction when click on po-breadcrumb-favorite
[41m[1m FAIL [22m[49m [30m[45m ui [49m[39m projects/ui/src/lib/components/po-breadcrumb/po-breadcrumb-favorite/po-breadcrumb-favorite.component.spec.ts[2m > 
[22mPoBreadcrumbFavoriteComponent[2m > [22mshould call setStatusFavorite with false
[41m[1m FAIL [22m[49m [30m[45m ui [49m[39m projects/ui/src/lib/components/po-breadcrumb/po-breadcrumb-favorite/po-breadcrumb-favorite.component.spec.ts[2m > 
[22mPoBreadcrumbFavoriteComponent[2m > [22mshould call setStatusFavorite with true
[41m[1m FAIL [22m[49m [30m[45m ui [49m[39m projects/ui/src/lib/components/po-breadcrumb/po-breadcrumb-favorite/po-breadcrumb-favorite.component.spec.ts[2m > 
[22mPoBreadcrumbFavoriteComponent[2m > [22mshould show the star and label with status favorite
[41m[1m FAIL [22m[49m [30m[45m ui [49m[39m projects/ui/src/lib/components/po-breadcrumb/po-breadcrumb-favorite/po-breadcrumb-favorite.component.spec.ts[2m > 
[22mPoBreadcrumbFavoriteComponent[2m > [22mshould show the star and label with status unfavorite
[41m[1m FAIL [22m[49m [30m[45m ui [49m[39m projects/ui/src/lib/components/po-breadcrumb/po-breadcrumb-favorite/po-breadcrumb-favorite.component.spec.ts[2m > 
[22mPoBreadcrumbFavoriteComponent[2m > [22mMethods: [2m > [22mngOnDestroy: should unsubscribe getSubscription.
[41m[1m FAIL [22m[49m [30m[45m ui [49m[39m projects/ui/src/lib/components/po-breadcrumb/po-breadcrumb-favorite/po-breadcrumb-favorite.component.spec.ts[2m > 
[22mPoBreadcrumbFavoriteComponent[2m > [22mMethods: [2m > [22mngOnDestroy: should not unsubscribe if getSubscription is falsy.
[41m[1m FAIL [22m[49m [30m[45m ui [49m[39m projects/ui/src/lib/components/po-breadcrumb/po-breadcrumb-favorite/po-breadcrumb-favorite.component.spec.ts[2m > 
[22mPoBreadcrumbFavoriteComponent[2m > [22mMethods: [2m > [22mngOnDestroy: should unsubscribe setSubscription.
[41m[1m FAIL [22m[49m [30m[45m ui [49m[39m projects/ui/src/lib/components/po-breadcrumb/po-breadcrumb-favorite/po-breadcrumb-favorite.component.spec.ts[2m > 
[22mPoBreadcrumbFavoriteComponent[2m > [22mMethods: [2m > [22mngOnDestroy: should not unsubscribe if setSubscription is falsy.
[31m[1mError[22m: NG0304: 'po-icon' is not a known element (used in the '_PoBreadcrumbFavoriteComponent' component template):
1. If 'po-icon' is an Angular component, then verify that it is a part of an @NgModule where this component is declared.
2. If 'po-icon' is a Web Component then add 'CUSTOM_ELEMENTS_SCHEMA' to the '@NgModule.schemas' of this component to suppress this message.[39m
[90m [2mÔØ»[22m validateElementIsKnown ../k8-fastbuild-ST-fdfa778d11ba/bin/packages/core/src/render3/instructions/element_validation.ts:[2m116:14[22m[39m
[90m [2mÔØ»[22m validateElementIsKnown ../k8-fastbuild-ST-fdfa778d11ba/bin/packages/core/src/render3/instructions/element.ts:[2m151:4[22m[39m
[90m [2mÔØ»[22m initializeElement ../k8-fastbuild-ST-fdfa778d11ba/bin/packages/core/src/render3/instructions/element.ts:[2m127:2[22m[39m
[90m [2mÔØ»[22m ╔Á╔ÁelementStart ../k8-fastbuild-ST-fdfa778d11ba/bin/packages/core/src/render3/instructions/element.ts:[2m218:2[22m[39m
[90m [2mÔØ»[22m PoBreadcrumbFavoriteComponent_Template projects/ui/src/lib/components/po-breadcrumb/po-breadcrumb-favorite/po-breadcrumb-favorite.component.html:[2m8:3[22m[39m
[90m [2mÔØ»[22m templateFn ../k8-fastbuild-ST-fdfa778d11ba/bin/packages/core/src/render3/instructions/shared.ts:[2m108:4[22m[39m
[90m [2mÔØ»[22m executeTemplate ../k8-fastbuild-ST-fdfa778d11ba/bin/packages/core/src/render3/instructions/render.ts:[2m107:6[22m[39m
[90m [2mÔØ»[22m renderView ../k8-fastbuild-ST-fdfa778d11ba/bin/packages/core/src/render3/instructions/render.ts:[2m47:4[22m[39m
[90m [2mÔØ»[22m renderComponent ../k8-fastbuild-ST-fdfa778d11ba/bin/packages/core/src/render3/instructions/render.ts:[2m160:4[22m[39m
[90m [2mÔØ»[22m renderChildComponents ../k8-fastbuild-ST-fdfa778d11ba/bin/packages/core/src/render3/instructions/render.ts:[2m140:6[22m[39m

[31m[2mÔÄ»ÔÄ»ÔÄ»ÔÄ»ÔÄ»ÔÄ»ÔÄ»ÔÄ»ÔÄ»ÔÄ»ÔÄ»ÔÄ»ÔÄ»ÔÄ»ÔÄ»ÔÄ»ÔÄ»ÔÄ»ÔÄ»ÔÄ»ÔÄ»ÔÄ»ÔÄ»[2/14]ÔÄ»[22m[39m


[2m Test Files [22m [1m[31m2 failed[39m[22m[2m | [22m[1m[32m2 passed[39m[22m[90m (4)[39m
[2m      Tests [22m [1m[31m13 failed[39m[22m[2m | [22m[1m[32m15 passed[39m[22m[90m (28)[39m
[2m   Start at [22m 19:24:08
[2m   Duration [22m 9.75s[2m (transform 699ms, setup 3.99s, import 383ms, tests 200ms, environment 8.76s)[22m

[1m[30m[41m FAIL [49m[39m[22m [31mTests failed. Watching for file changes...[39m
       [2mpress [22m[1mh[22m[2m to show help[22m[2m, [22m[2mpress [22m[1mq[22m[2m to quit[22m
[31mCancelling test run. Press CTRL+c again to exit forcefully.
[39m
